// Jest Snapshot v1, https://goo.gl/fbAQLP

exports[`DataItem should render without crashing 1`] = `ShallowWrapper {}`;
