// Jest Snapshot v1, https://goo.gl/fbAQLP

exports[`TableComponent should render without crashing 1`] = `ShallowWrapper {}`;
